// Jest Snapshot v1, https://goo.gl/fbAQLP

exports[`Exercises renders a snapshot properly 1`] = `
<div>
  <p>
    Hello, world!
  </p>
</div>
`;
