// Jest Snapshot v1, https://goo.gl/fbAQLP

exports[`UsersList renders a snapshot properly 1`] = `
<div>
  <h4
    className="box title is-4"
  >
    daryl
  </h4>
  <h4
    className="box title is-4"
  >
    darylblpc
  </h4>
</div>
`;
